../Drivers/STM32F4xx_HAL_Driver/Src/stm32f4xx_hal_smbus.c:282:19:HAL_SMBUS_Init	24	static
../Drivers/STM32F4xx_HAL_Driver/Src/stm32f4xx_hal_smbus.c:395:19:HAL_SMBUS_DeInit	16	static
../Drivers/STM32F4xx_HAL_Driver/Src/stm32f4xx_hal_smbus.c:441:13:HAL_SMBUS_MspInit	16	static
../Drivers/STM32F4xx_HAL_Driver/Src/stm32f4xx_hal_smbus.c:456:13:HAL_SMBUS_MspDeInit	16	static
../Drivers/STM32F4xx_HAL_Driver/Src/stm32f4xx_hal_smbus.c:907:19:HAL_SMBUS_Master_Transmit_IT	32	static
../Drivers/STM32F4xx_HAL_Driver/Src/stm32f4xx_hal_smbus.c:992:19:HAL_SMBUS_Master_Receive_IT	32	static
../Drivers/STM32F4xx_HAL_Driver/Src/stm32f4xx_hal_smbus.c:1106:19:HAL_SMBUS_Master_Abort_IT	16	static
../Drivers/STM32F4xx_HAL_Driver/Src/stm32f4xx_hal_smbus.c:1156:19:HAL_SMBUS_Slave_Transmit_IT	32	static
../Drivers/STM32F4xx_HAL_Driver/Src/stm32f4xx_hal_smbus.c:1222:19:HAL_SMBUS_Slave_Receive_IT	32	static
../Drivers/STM32F4xx_HAL_Driver/Src/stm32f4xx_hal_smbus.c:1286:19:HAL_SMBUS_EnableListen_IT	16	static
../Drivers/STM32F4xx_HAL_Driver/Src/stm32f4xx_hal_smbus.c:1319:19:HAL_SMBUS_DisableListen_IT	24	static
../Drivers/STM32F4xx_HAL_Driver/Src/stm32f4xx_hal_smbus.c:1352:19:HAL_SMBUS_EnableAlert_IT	16	static
../Drivers/STM32F4xx_HAL_Driver/Src/stm32f4xx_hal_smbus.c:1371:19:HAL_SMBUS_DisableAlert_IT	16	static
../Drivers/STM32F4xx_HAL_Driver/Src/stm32f4xx_hal_smbus.c:1393:19:HAL_SMBUS_IsDeviceReady	56	static
../Drivers/STM32F4xx_HAL_Driver/Src/stm32f4xx_hal_smbus.c:1517:6:HAL_SMBUS_EV_IRQHandler	32	static
../Drivers/STM32F4xx_HAL_Driver/Src/stm32f4xx_hal_smbus.c:1622:6:HAL_SMBUS_ER_IRQHandler	40	static
../Drivers/STM32F4xx_HAL_Driver/Src/stm32f4xx_hal_smbus.c:1728:13:HAL_SMBUS_MasterTxCpltCallback	16	static
../Drivers/STM32F4xx_HAL_Driver/Src/stm32f4xx_hal_smbus.c:1744:13:HAL_SMBUS_MasterRxCpltCallback	16	static
../Drivers/STM32F4xx_HAL_Driver/Src/stm32f4xx_hal_smbus.c:1759:13:HAL_SMBUS_SlaveTxCpltCallback	16	static
../Drivers/STM32F4xx_HAL_Driver/Src/stm32f4xx_hal_smbus.c:1775:13:HAL_SMBUS_SlaveRxCpltCallback	16	static
../Drivers/STM32F4xx_HAL_Driver/Src/stm32f4xx_hal_smbus.c:1793:13:HAL_SMBUS_AddrCallback	16	static
../Drivers/STM32F4xx_HAL_Driver/Src/stm32f4xx_hal_smbus.c:1811:13:HAL_SMBUS_ListenCpltCallback	16	static
../Drivers/STM32F4xx_HAL_Driver/Src/stm32f4xx_hal_smbus.c:1827:13:HAL_SMBUS_ErrorCallback	16	static
../Drivers/STM32F4xx_HAL_Driver/Src/stm32f4xx_hal_smbus.c:1843:13:HAL_SMBUS_AbortCpltCallback	16	static
../Drivers/STM32F4xx_HAL_Driver/Src/stm32f4xx_hal_smbus.c:1878:24:HAL_SMBUS_GetState	16	static
../Drivers/STM32F4xx_HAL_Driver/Src/stm32f4xx_hal_smbus.c:1890:23:HAL_SMBUS_GetMode	16	static
../Drivers/STM32F4xx_HAL_Driver/Src/stm32f4xx_hal_smbus.c:1901:10:HAL_SMBUS_GetError	16	static
../Drivers/STM32F4xx_HAL_Driver/Src/stm32f4xx_hal_smbus.c:1924:26:SMBUS_MasterTransmit_TXE	32	static
../Drivers/STM32F4xx_HAL_Driver/Src/stm32f4xx_hal_smbus.c:2004:26:SMBUS_MasterTransmit_BTF	24	static
../Drivers/STM32F4xx_HAL_Driver/Src/stm32f4xx_hal_smbus.c:2062:26:SMBUS_MasterReceive_RXNE	24	static
../Drivers/STM32F4xx_HAL_Driver/Src/stm32f4xx_hal_smbus.c:2136:26:SMBUS_MasterReceive_BTF	24	static
../Drivers/STM32F4xx_HAL_Driver/Src/stm32f4xx_hal_smbus.c:2218:26:SMBUS_Master_SB	16	static
../Drivers/STM32F4xx_HAL_Driver/Src/stm32f4xx_hal_smbus.c:2254:26:SMBUS_Master_ADD10	16	static
../Drivers/STM32F4xx_HAL_Driver/Src/stm32f4xx_hal_smbus.c:2268:26:SMBUS_Master_ADDR	64	static
../Drivers/STM32F4xx_HAL_Driver/Src/stm32f4xx_hal_smbus.c:2378:26:SMBUS_SlaveTransmit_TXE	24	static
../Drivers/STM32F4xx_HAL_Driver/Src/stm32f4xx_hal_smbus.c:2420:26:SMBUS_SlaveTransmit_BTF	16	static
../Drivers/STM32F4xx_HAL_Driver/Src/stm32f4xx_hal_smbus.c:2444:26:SMBUS_SlaveReceive_RXNE	24	static
../Drivers/STM32F4xx_HAL_Driver/Src/stm32f4xx_hal_smbus.c:2486:26:SMBUS_SlaveReceive_BTF	16	static
../Drivers/STM32F4xx_HAL_Driver/Src/stm32f4xx_hal_smbus.c:2504:26:SMBUS_Slave_ADDR	24	static
../Drivers/STM32F4xx_HAL_Driver/Src/stm32f4xx_hal_smbus.c:2540:26:SMBUS_Slave_STOPF	24	static
../Drivers/STM32F4xx_HAL_Driver/Src/stm32f4xx_hal_smbus.c:2614:26:SMBUS_Slave_AF	24	static
../Drivers/STM32F4xx_HAL_Driver/Src/stm32f4xx_hal_smbus.c:2656:13:SMBUS_ITError	24	static
../Drivers/STM32F4xx_HAL_Driver/Src/stm32f4xx_hal_smbus.c:2750:26:SMBUS_WaitOnFlagUntilTimeout	24	static
