../Drivers/STM32F4xx_HAL_Driver/Src/stm32f4xx_hal_mmc.c:327:19:HAL_MMC_Init	16	static
../Drivers/STM32F4xx_HAL_Driver/Src/stm32f4xx_hal_mmc.c:395:19:HAL_MMC_InitCard	72	static
../Drivers/STM32F4xx_HAL_Driver/Src/stm32f4xx_hal_mmc.c:455:19:HAL_MMC_DeInit	16	static
../Drivers/STM32F4xx_HAL_Driver/Src/stm32f4xx_hal_mmc.c:496:13:HAL_MMC_MspInit	16	static
../Drivers/STM32F4xx_HAL_Driver/Src/stm32f4xx_hal_mmc.c:511:13:HAL_MMC_MspDeInit	16	static
../Drivers/STM32F4xx_HAL_Driver/Src/stm32f4xx_hal_mmc.c:552:19:HAL_MMC_ReadBlocks	80	static
../Drivers/STM32F4xx_HAL_Driver/Src/stm32f4xx_hal_mmc.c:768:19:HAL_MMC_WriteBlocks	80	static
../Drivers/STM32F4xx_HAL_Driver/Src/stm32f4xx_hal_mmc.c:958:19:HAL_MMC_ReadBlocks_IT	56	static
../Drivers/STM32F4xx_HAL_Driver/Src/stm32f4xx_hal_mmc.c:1065:19:HAL_MMC_WriteBlocks_IT	56	static
../Drivers/STM32F4xx_HAL_Driver/Src/stm32f4xx_hal_mmc.c:1172:19:HAL_MMC_ReadBlocks_DMA	56	static
../Drivers/STM32F4xx_HAL_Driver/Src/stm32f4xx_hal_mmc.c:1300:19:HAL_MMC_WriteBlocks_DMA	56	static
../Drivers/STM32F4xx_HAL_Driver/Src/stm32f4xx_hal_mmc.c:1425:19:HAL_MMC_Erase	40	static
../Drivers/STM32F4xx_HAL_Driver/Src/stm32f4xx_hal_mmc.c:1522:6:HAL_MMC_IRQHandler	24	static
../Drivers/STM32F4xx_HAL_Driver/Src/stm32f4xx_hal_mmc.c:1736:22:HAL_MMC_GetState	16	static
../Drivers/STM32F4xx_HAL_Driver/Src/stm32f4xx_hal_mmc.c:1747:10:HAL_MMC_GetError	16	static
../Drivers/STM32F4xx_HAL_Driver/Src/stm32f4xx_hal_mmc.c:1757:13:HAL_MMC_TxCpltCallback	16	static
../Drivers/STM32F4xx_HAL_Driver/Src/stm32f4xx_hal_mmc.c:1772:13:HAL_MMC_RxCpltCallback	16	static
../Drivers/STM32F4xx_HAL_Driver/Src/stm32f4xx_hal_mmc.c:1787:13:HAL_MMC_ErrorCallback	16	static
../Drivers/STM32F4xx_HAL_Driver/Src/stm32f4xx_hal_mmc.c:1802:13:HAL_MMC_AbortCallback	16	static
../Drivers/STM32F4xx_HAL_Driver/Src/stm32f4xx_hal_mmc.c:2013:19:HAL_MMC_GetCardCID	16	static
../Drivers/STM32F4xx_HAL_Driver/Src/stm32f4xx_hal_mmc.c:2046:19:HAL_MMC_GetCardCSD	16	static
../Drivers/STM32F4xx_HAL_Driver/Src/stm32f4xx_hal_mmc.c:2139:19:HAL_MMC_GetCardInfo	16	static
../Drivers/STM32F4xx_HAL_Driver/Src/stm32f4xx_hal_mmc.c:2163:19:HAL_MMC_ConfigWideBusOperation	80	static
../Drivers/STM32F4xx_HAL_Driver/Src/stm32f4xx_hal_mmc.c:2294:26:HAL_MMC_GetCardState	32	static
../Drivers/STM32F4xx_HAL_Driver/Src/stm32f4xx_hal_mmc.c:2317:19:HAL_MMC_Abort	24	static
../Drivers/STM32F4xx_HAL_Driver/Src/stm32f4xx_hal_mmc.c:2374:19:HAL_MMC_Abort_IT	24	static
../Drivers/STM32F4xx_HAL_Driver/Src/stm32f4xx_hal_mmc.c:2455:13:MMC_DMATransmitCplt	24	static
../Drivers/STM32F4xx_HAL_Driver/Src/stm32f4xx_hal_mmc.c:2468:13:MMC_DMAReceiveCplt	24	static
../Drivers/STM32F4xx_HAL_Driver/Src/stm32f4xx_hal_mmc.c:2509:13:MMC_DMAError	32	static
../Drivers/STM32F4xx_HAL_Driver/Src/stm32f4xx_hal_mmc.c:2552:13:MMC_DMATxAbort	24	static
../Drivers/STM32F4xx_HAL_Driver/Src/stm32f4xx_hal_mmc.c:2597:13:MMC_DMARxAbort	24	static
../Drivers/STM32F4xx_HAL_Driver/Src/stm32f4xx_hal_mmc.c:2642:17:MMC_InitCard	96	static
../Drivers/STM32F4xx_HAL_Driver/Src/stm32f4xx_hal_mmc.c:2726:17:MMC_PowerON	32	static
../Drivers/STM32F4xx_HAL_Driver/Src/stm32f4xx_hal_mmc.c:2778:13:MMC_PowerOFF	16	static
../Drivers/STM32F4xx_HAL_Driver/Src/stm32f4xx_hal_mmc.c:2791:17:MMC_SendStatus	24	static
../Drivers/STM32F4xx_HAL_Driver/Src/stm32f4xx_hal_mmc.c:2819:13:MMC_Read_IT	32	static
../Drivers/STM32F4xx_HAL_Driver/Src/stm32f4xx_hal_mmc.c:2858:13:MMC_Write_IT	32	static
